
===========================================================================
report_checks -path_delay max (Setup)
============================================================================
======================= nom_ff_n40C_1v95 Corner ===================================

Startpoint: _32_ (rising edge-triggered flip-flop clocked by clk)
Endpoint: count[0] (output port clocked by clk)
Path Group: clk
Path Type: max

Fanout         Cap        Slew       Delay        Time   Description
---------------------------------------------------------------------------------------------
                      0.150000    0.000000    0.000000   clock clk (rise edge)
                                  0.000000    0.000000   clock network delay (ideal)
                      0.150000    0.000000    0.000000 ^ _32_/CLK (sky130_fd_sc_hd__dfxtp_2)
     7    0.055645    0.214345    0.352968    0.352968 ^ _32_/Q (sky130_fd_sc_hd__dfxtp_2)
                                                         count[0] (net)
                      0.214345    0.000000    0.352968 ^ count[0] (out)
                                              0.352968   data arrival time

                      0.150000   10.000000   10.000000   clock clk (rise edge)
                                  0.000000   10.000000   clock network delay (ideal)
                                 -0.250000    9.750000   clock uncertainty
                                  0.000000    9.750000   clock reconvergence pessimism
                                 -2.000000    7.750000   output external delay
                                              7.750000   data required time
---------------------------------------------------------------------------------------------
                                              7.750000   data required time
                                             -0.352968   data arrival time
---------------------------------------------------------------------------------------------
                                              7.397032   slack (MET)


Startpoint: up_dn (input port clocked by clk)
Endpoint: _35_ (rising edge-triggered flip-flop clocked by clk)
Path Group: clk
Path Type: max

Fanout         Cap        Slew       Delay        Time   Description
---------------------------------------------------------------------------------------------
                      0.150000    0.000000    0.000000   clock clk (rise edge)
                                  0.000000    0.000000   clock network delay (ideal)
                                  2.000000    2.000000 ^ input external delay
     4    0.014277    0.053993    0.035386    2.035386 ^ up_dn (in)
                                                         up_dn (net)
                      0.053993    0.000000    2.035386 ^ _28_/C (sky130_fd_sc_hd__nor3_2)
     1    0.002253    0.045910    0.020207    2.055593 v _28_/Y (sky130_fd_sc_hd__nor3_2)
                                                         _13_ (net)
                      0.045910    0.000000    2.055593 v _29_/B2 (sky130_fd_sc_hd__o22a_2)
     2    0.006879    0.034563    0.118438    2.174031 v _29_/X (sky130_fd_sc_hd__o22a_2)
                                                         _14_ (net)
                      0.034563    0.000000    2.174031 v _31_/A2 (sky130_fd_sc_hd__o21a_2)
     1    0.001783    0.022609    0.112125    2.286157 v _31_/X (sky130_fd_sc_hd__o21a_2)
                                                         _03_ (net)
                      0.022609    0.000000    2.286157 v _35_/D (sky130_fd_sc_hd__dfxtp_2)
                                              2.286157   data arrival time

                      0.150000   10.000000   10.000000   clock clk (rise edge)
                                  0.000000   10.000000   clock network delay (ideal)
                                 -0.250000    9.750000   clock uncertainty
                                  0.000000    9.750000   clock reconvergence pessimism
                                              9.750000 ^ _35_/CLK (sky130_fd_sc_hd__dfxtp_2)
                                 -0.056532    9.693468   library setup time
                                              9.693468   data required time
---------------------------------------------------------------------------------------------
                                              9.693468   data required time
                                             -2.286157   data arrival time
---------------------------------------------------------------------------------------------
                                              7.407312   slack (MET)


Startpoint: _33_ (rising edge-triggered flip-flop clocked by clk)
Endpoint: count[1] (output port clocked by clk)
Path Group: clk
Path Type: max

Fanout         Cap        Slew       Delay        Time   Description
---------------------------------------------------------------------------------------------
                      0.150000    0.000000    0.000000   clock clk (rise edge)
                                  0.000000    0.000000   clock network delay (ideal)
                      0.150000    0.000000    0.000000 ^ _33_/CLK (sky130_fd_sc_hd__dfxtp_2)
     6    0.050489    0.195178    0.339797    0.339797 ^ _33_/Q (sky130_fd_sc_hd__dfxtp_2)
                                                         count[1] (net)
                      0.195178    0.000000    0.339797 ^ count[1] (out)
                                              0.339797   data arrival time

                      0.150000   10.000000   10.000000   clock clk (rise edge)
                                  0.000000   10.000000   clock network delay (ideal)
                                 -0.250000    9.750000   clock uncertainty
                                  0.000000    9.750000   clock reconvergence pessimism
                                 -2.000000    7.750000   output external delay
                                              7.750000   data required time
---------------------------------------------------------------------------------------------
                                              7.750000   data required time
                                             -0.339797   data arrival time
---------------------------------------------------------------------------------------------
                                              7.410203   slack (MET)


Startpoint: _34_ (rising edge-triggered flip-flop clocked by clk)
Endpoint: count[2] (output port clocked by clk)
Path Group: clk
Path Type: max

Fanout         Cap        Slew       Delay        Time   Description
---------------------------------------------------------------------------------------------
                      0.150000    0.000000    0.000000   clock clk (rise edge)
                                  0.000000    0.000000   clock network delay (ideal)
                      0.150000    0.000000    0.000000 ^ _34_/CLK (sky130_fd_sc_hd__dfxtp_2)
     4    0.044551    0.173103    0.324627    0.324627 ^ _34_/Q (sky130_fd_sc_hd__dfxtp_2)
                                                         count[2] (net)
                      0.173103    0.000000    0.324627 ^ count[2] (out)
                                              0.324627   data arrival time

                      0.150000   10.000000   10.000000   clock clk (rise edge)
                                  0.000000   10.000000   clock network delay (ideal)
                                 -0.250000    9.750000   clock uncertainty
                                  0.000000    9.750000   clock reconvergence pessimism
                                 -2.000000    7.750000   output external delay
                                              7.750000   data required time
---------------------------------------------------------------------------------------------
                                              7.750000   data required time
                                             -0.324627   data arrival time
---------------------------------------------------------------------------------------------
                                              7.425373   slack (MET)


Startpoint: _35_ (rising edge-triggered flip-flop clocked by clk)
Endpoint: count[3] (output port clocked by clk)
Path Group: clk
Path Type: max

Fanout         Cap        Slew       Delay        Time   Description
---------------------------------------------------------------------------------------------
                      0.150000    0.000000    0.000000   clock clk (rise edge)
                                  0.000000    0.000000   clock network delay (ideal)
                      0.150000    0.000000    0.000000 ^ _35_/CLK (sky130_fd_sc_hd__dfxtp_2)
     3    0.040510    0.158168    0.314265    0.314265 ^ _35_/Q (sky130_fd_sc_hd__dfxtp_2)
                                                         count[3] (net)
                      0.158168    0.000000    0.314265 ^ count[3] (out)
                                              0.314265   data arrival time

                      0.150000   10.000000   10.000000   clock clk (rise edge)
                                  0.000000   10.000000   clock network delay (ideal)
                                 -0.250000    9.750000   clock uncertainty
                                  0.000000    9.750000   clock reconvergence pessimism
                                 -2.000000    7.750000   output external delay
                                              7.750000   data required time
---------------------------------------------------------------------------------------------
                                              7.750000   data required time
                                             -0.314265   data arrival time
---------------------------------------------------------------------------------------------
                                              7.435734   slack (MET)


Startpoint: up_dn (input port clocked by clk)
Endpoint: _34_ (rising edge-triggered flip-flop clocked by clk)
Path Group: clk
Path Type: max

Fanout         Cap        Slew       Delay        Time   Description
---------------------------------------------------------------------------------------------
                      0.150000    0.000000    0.000000   clock clk (rise edge)
                                  0.000000    0.000000   clock network delay (ideal)
                                  2.000000    2.000000 v input external delay
     4    0.012773    0.020975    0.012953    2.012953 v up_dn (in)
                                                         up_dn (net)
                      0.020975    0.000000    2.012953 v _20_/B1 (sky130_fd_sc_hd__a21o_2)
     3    0.010793    0.040166    0.093590    2.106543 v _20_/X (sky130_fd_sc_hd__a21o_2)
                                                         _07_ (net)
                      0.040166    0.000000    2.106543 v _27_/A1 (sky130_fd_sc_hd__o21a_2)
     1    0.001783    0.022606    0.124921    2.231464 v _27_/X (sky130_fd_sc_hd__o21a_2)
                                                         _02_ (net)
                      0.022606    0.000000    2.231464 v _34_/D (sky130_fd_sc_hd__dfxtp_2)
                                              2.231464   data arrival time

                      0.150000   10.000000   10.000000   clock clk (rise edge)
                                  0.000000   10.000000   clock network delay (ideal)
                                 -0.250000    9.750000   clock uncertainty
                                  0.000000    9.750000   clock reconvergence pessimism
                                              9.750000 ^ _34_/CLK (sky130_fd_sc_hd__dfxtp_2)
                                 -0.056531    9.693469   library setup time
                                              9.693469   data required time
---------------------------------------------------------------------------------------------
                                              9.693469   data required time
                                             -2.231464   data arrival time
---------------------------------------------------------------------------------------------
                                              7.462006   slack (MET)


Startpoint: up_dn (input port clocked by clk)
Endpoint: _33_ (rising edge-triggered flip-flop clocked by clk)
Path Group: clk
Path Type: max

Fanout         Cap        Slew       Delay        Time   Description
---------------------------------------------------------------------------------------------
                      0.150000    0.000000    0.000000   clock clk (rise edge)
                                  0.000000    0.000000   clock network delay (ideal)
                                  2.000000    2.000000 v input external delay
     4    0.012773    0.020975    0.012953    2.012953 v up_dn (in)
                                                         up_dn (net)
                      0.020975    0.000000    2.012953 v _20_/B1 (sky130_fd_sc_hd__a21o_2)
     3    0.010793    0.040166    0.093590    2.106543 v _20_/X (sky130_fd_sc_hd__a21o_2)
                                                         _07_ (net)
                      0.040166    0.000000    2.106543 v _22_/A1 (sky130_fd_sc_hd__a21oi_2)
     1    0.001748    0.051001    0.067731    2.174273 ^ _22_/Y (sky130_fd_sc_hd__a21oi_2)
                                                         _01_ (net)
                      0.051001    0.000000    2.174273 ^ _33_/D (sky130_fd_sc_hd__dfxtp_2)
                                              2.174273   data arrival time

                      0.150000   10.000000   10.000000   clock clk (rise edge)
                                  0.000000   10.000000   clock network delay (ideal)
                                 -0.250000    9.750000   clock uncertainty
                                  0.000000    9.750000   clock reconvergence pessimism
                                              9.750000 ^ _33_/CLK (sky130_fd_sc_hd__dfxtp_2)
                                 -0.029461    9.720539   library setup time
                                              9.720539   data required time
---------------------------------------------------------------------------------------------
                                              9.720539   data required time
                                             -2.174273   data arrival time
---------------------------------------------------------------------------------------------
                                              7.546266   slack (MET)


Startpoint: rst (input port clocked by clk)
Endpoint: _32_ (rising edge-triggered flip-flop clocked by clk)
Path Group: clk
Path Type: max

Fanout         Cap        Slew       Delay        Time   Description
---------------------------------------------------------------------------------------------
                      0.150000    0.000000    0.000000   clock clk (rise edge)
                                  0.000000    0.000000   clock network delay (ideal)
                                  2.000000    2.000000 ^ input external delay
     4    0.019065    0.069976    0.046553    2.046553 ^ rst (in)
                                                         rst (net)
                      0.069976    0.000000    2.046553 ^ _17_/B (sky130_fd_sc_hd__nor2_2)
     1    0.001783    0.038811    0.015046    2.061599 v _17_/Y (sky130_fd_sc_hd__nor2_2)
                                                         _00_ (net)
                      0.038811    0.000000    2.061599 v _32_/D (sky130_fd_sc_hd__dfxtp_2)
                                              2.061599   data arrival time

                      0.150000   10.000000   10.000000   clock clk (rise edge)
                                  0.000000   10.000000   clock network delay (ideal)
                                 -0.250000    9.750000   clock uncertainty
                                  0.000000    9.750000   clock reconvergence pessimism
                                              9.750000 ^ _32_/CLK (sky130_fd_sc_hd__dfxtp_2)
                                 -0.062289    9.687712   library setup time
                                              9.687712   data required time
---------------------------------------------------------------------------------------------
                                              9.687712   data required time
                                             -2.061599   data arrival time
---------------------------------------------------------------------------------------------
                                              7.626113   slack (MET)



