
===========================================================================
 report_power
============================================================================
======================= nom_tt_025C_1v80 Corner ===================================

Group                    Internal    Switching      Leakage        Total
                            Power        Power        Power        Power (Watts)
------------------------------------------------------------------------
Sequential           1.794129e-05 5.579635e-06 3.438356e-11 2.352096e-05  80.7%
Combinational        3.626220e-06 2.013864e-06 4.486387e-11 5.640129e-06  19.3%
Clock                0.000000e+00 0.000000e+00 0.000000e+00 0.000000e+00   0.0%
Macro                0.000000e+00 0.000000e+00 0.000000e+00 0.000000e+00   0.0%
Pad                  0.000000e+00 0.000000e+00 0.000000e+00 0.000000e+00   0.0%
------------------------------------------------------------------------
Total                2.156751e-05 7.593500e-06 7.924744e-11 2.916109e-05 100.0%
                            74.0%        26.0%         0.0%

