
===========================================================================
report_checks -path_delay max (Setup)
============================================================================
======================= nom_ss_100C_1v60 Corner ===================================

Startpoint: up_dn (input port clocked by clk)
Endpoint: _35_ (rising edge-triggered flip-flop clocked by clk)
Path Group: clk
Path Type: max

Fanout         Cap        Slew       Delay        Time   Description
---------------------------------------------------------------------------------------------
                      0.150000    0.000000    0.000000   clock clk (rise edge)
                                  0.000000    0.000000   clock network delay (ideal)
                                  2.000000    2.000000 ^ input external delay
     4    0.014151    0.111997    0.072921    2.072921 ^ up_dn (in)
                                                         up_dn (net)
                      0.111997    0.000000    2.072921 ^ _28_/C (sky130_fd_sc_hd__nor3_2)
     1    0.002265    0.090982    0.076569    2.149490 v _28_/Y (sky130_fd_sc_hd__nor3_2)
                                                         _13_ (net)
                      0.090982    0.000000    2.149490 v _29_/B2 (sky130_fd_sc_hd__o22a_2)
     2    0.006955    0.098544    0.389077    2.538567 v _29_/X (sky130_fd_sc_hd__o22a_2)
                                                         _14_ (net)
                      0.098544    0.000000    2.538567 v _31_/A2 (sky130_fd_sc_hd__o21a_2)
     1    0.001577    0.052987    0.353577    2.892143 v _31_/X (sky130_fd_sc_hd__o21a_2)
                                                         _03_ (net)
                      0.052987    0.000000    2.892143 v _35_/D (sky130_fd_sc_hd__dfxtp_2)
                                              2.892143   data arrival time

                      0.150000   10.000000   10.000000   clock clk (rise edge)
                                  0.000000   10.000000   clock network delay (ideal)
                                 -0.250000    9.750000   clock uncertainty
                                  0.000000    9.750000   clock reconvergence pessimism
                                              9.750000 ^ _35_/CLK (sky130_fd_sc_hd__dfxtp_2)
                                 -0.245657    9.504343   library setup time
                                              9.504343   data required time
---------------------------------------------------------------------------------------------
                                              9.504343   data required time
                                             -2.892143   data arrival time
---------------------------------------------------------------------------------------------
                                              6.612200   slack (MET)


Startpoint: up_dn (input port clocked by clk)
Endpoint: _34_ (rising edge-triggered flip-flop clocked by clk)
Path Group: clk
Path Type: max

Fanout         Cap        Slew       Delay        Time   Description
---------------------------------------------------------------------------------------------
                      0.150000    0.000000    0.000000   clock clk (rise edge)
                                  0.000000    0.000000   clock network delay (ideal)
                                  2.000000    2.000000 v input external delay
     4    0.012864    0.060069    0.039930    2.039930 v up_dn (in)
                                                         up_dn (net)
                      0.060069    0.000000    2.039930 v _20_/B1 (sky130_fd_sc_hd__a21o_2)
     3    0.010922    0.096300    0.379941    2.419872 v _20_/X (sky130_fd_sc_hd__a21o_2)
                                                         _07_ (net)
                      0.096300    0.000000    2.419872 v _27_/A1 (sky130_fd_sc_hd__o21a_2)
     1    0.001577    0.052477    0.380169    2.800040 v _27_/X (sky130_fd_sc_hd__o21a_2)
                                                         _02_ (net)
                      0.052477    0.000000    2.800040 v _34_/D (sky130_fd_sc_hd__dfxtp_2)
                                              2.800040   data arrival time

                      0.150000   10.000000   10.000000   clock clk (rise edge)
                                  0.000000   10.000000   clock network delay (ideal)
                                 -0.250000    9.750000   clock uncertainty
                                  0.000000    9.750000   clock reconvergence pessimism
                                              9.750000 ^ _34_/CLK (sky130_fd_sc_hd__dfxtp_2)
                                 -0.245445    9.504555   library setup time
                                              9.504555   data required time
---------------------------------------------------------------------------------------------
                                              9.504555   data required time
                                             -2.800040   data arrival time
---------------------------------------------------------------------------------------------
                                              6.704515   slack (MET)


Startpoint: _32_ (rising edge-triggered flip-flop clocked by clk)
Endpoint: count[0] (output port clocked by clk)
Path Group: clk
Path Type: max

Fanout         Cap        Slew       Delay        Time   Description
---------------------------------------------------------------------------------------------
                      0.150000    0.000000    0.000000   clock clk (rise edge)
                                  0.000000    0.000000   clock network delay (ideal)
                      0.150000    0.000000    0.000000 ^ _32_/CLK (sky130_fd_sc_hd__dfxtp_2)
     7    0.055232    0.446052    0.972506    0.972506 ^ _32_/Q (sky130_fd_sc_hd__dfxtp_2)
                                                         count[0] (net)
                      0.446052    0.000000    0.972506 ^ count[0] (out)
                                              0.972506   data arrival time

                      0.150000   10.000000   10.000000   clock clk (rise edge)
                                  0.000000   10.000000   clock network delay (ideal)
                                 -0.250000    9.750000   clock uncertainty
                                  0.000000    9.750000   clock reconvergence pessimism
                                 -2.000000    7.750000   output external delay
                                              7.750000   data required time
---------------------------------------------------------------------------------------------
                                              7.750000   data required time
                                             -0.972506   data arrival time
---------------------------------------------------------------------------------------------
                                              6.777494   slack (MET)


Startpoint: _33_ (rising edge-triggered flip-flop clocked by clk)
Endpoint: count[1] (output port clocked by clk)
Path Group: clk
Path Type: max

Fanout         Cap        Slew       Delay        Time   Description
---------------------------------------------------------------------------------------------
                      0.150000    0.000000    0.000000   clock clk (rise edge)
                                  0.000000    0.000000   clock network delay (ideal)
                      0.150000    0.000000    0.000000 ^ _33_/CLK (sky130_fd_sc_hd__dfxtp_2)
     6    0.050035    0.406525    0.943788    0.943788 ^ _33_/Q (sky130_fd_sc_hd__dfxtp_2)
                                                         count[1] (net)
                      0.406525    0.000000    0.943788 ^ count[1] (out)
                                              0.943788   data arrival time

                      0.150000   10.000000   10.000000   clock clk (rise edge)
                                  0.000000   10.000000   clock network delay (ideal)
                                 -0.250000    9.750000   clock uncertainty
                                  0.000000    9.750000   clock reconvergence pessimism
                                 -2.000000    7.750000   output external delay
                                              7.750000   data required time
---------------------------------------------------------------------------------------------
                                              7.750000   data required time
                                             -0.943788   data arrival time
---------------------------------------------------------------------------------------------
                                              6.806212   slack (MET)


Startpoint: _34_ (rising edge-triggered flip-flop clocked by clk)
Endpoint: count[2] (output port clocked by clk)
Path Group: clk
Path Type: max

Fanout         Cap        Slew       Delay        Time   Description
---------------------------------------------------------------------------------------------
                      0.150000    0.000000    0.000000   clock clk (rise edge)
                                  0.000000    0.000000   clock network delay (ideal)
                      0.150000    0.000000    0.000000 ^ _34_/CLK (sky130_fd_sc_hd__dfxtp_2)
     4    0.044251    0.362533    0.911826    0.911826 ^ _34_/Q (sky130_fd_sc_hd__dfxtp_2)
                                                         count[2] (net)
                      0.362533    0.000000    0.911826 ^ count[2] (out)
                                              0.911826   data arrival time

                      0.150000   10.000000   10.000000   clock clk (rise edge)
                                  0.000000   10.000000   clock network delay (ideal)
                                 -0.250000    9.750000   clock uncertainty
                                  0.000000    9.750000   clock reconvergence pessimism
                                 -2.000000    7.750000   output external delay
                                              7.750000   data required time
---------------------------------------------------------------------------------------------
                                              7.750000   data required time
                                             -0.911826   data arrival time
---------------------------------------------------------------------------------------------
                                              6.838174   slack (MET)


Startpoint: _35_ (rising edge-triggered flip-flop clocked by clk)
Endpoint: count[3] (output port clocked by clk)
Path Group: clk
Path Type: max

Fanout         Cap        Slew       Delay        Time   Description
---------------------------------------------------------------------------------------------
                      0.150000    0.000000    0.000000   clock clk (rise edge)
                                  0.000000    0.000000   clock network delay (ideal)
                      0.150000    0.000000    0.000000 ^ _35_/CLK (sky130_fd_sc_hd__dfxtp_2)
     3    0.040473    0.333798    0.890949    0.890949 ^ _35_/Q (sky130_fd_sc_hd__dfxtp_2)
                                                         count[3] (net)
                      0.333798    0.000000    0.890949 ^ count[3] (out)
                                              0.890949   data arrival time

                      0.150000   10.000000   10.000000   clock clk (rise edge)
                                  0.000000   10.000000   clock network delay (ideal)
                                 -0.250000    9.750000   clock uncertainty
                                  0.000000    9.750000   clock reconvergence pessimism
                                 -2.000000    7.750000   output external delay
                                              7.750000   data required time
---------------------------------------------------------------------------------------------
                                              7.750000   data required time
                                             -0.890949   data arrival time
---------------------------------------------------------------------------------------------
                                              6.859051   slack (MET)


Startpoint: up_dn (input port clocked by clk)
Endpoint: _33_ (rising edge-triggered flip-flop clocked by clk)
Path Group: clk
Path Type: max

Fanout         Cap        Slew       Delay        Time   Description
---------------------------------------------------------------------------------------------
                      0.150000    0.000000    0.000000   clock clk (rise edge)
                                  0.000000    0.000000   clock network delay (ideal)
                                  2.000000    2.000000 v input external delay
     4    0.012864    0.060069    0.039930    2.039930 v up_dn (in)
                                                         up_dn (net)
                      0.060069    0.000000    2.039930 v _20_/B1 (sky130_fd_sc_hd__a21o_2)
     3    0.010922    0.096300    0.379941    2.419872 v _20_/X (sky130_fd_sc_hd__a21o_2)
                                                         _07_ (net)
                      0.096300    0.000000    2.419872 v _22_/A1 (sky130_fd_sc_hd__a21oi_2)
     1    0.001537    0.108370    0.170750    2.590622 ^ _22_/Y (sky130_fd_sc_hd__a21oi_2)
                                                         _01_ (net)
                      0.108370    0.000000    2.590622 ^ _33_/D (sky130_fd_sc_hd__dfxtp_2)
                                              2.590622   data arrival time

                      0.150000   10.000000   10.000000   clock clk (rise edge)
                                  0.000000   10.000000   clock network delay (ideal)
                                 -0.250000    9.750000   clock uncertainty
                                  0.000000    9.750000   clock reconvergence pessimism
                                              9.750000 ^ _33_/CLK (sky130_fd_sc_hd__dfxtp_2)
                                 -0.137202    9.612798   library setup time
                                              9.612798   data required time
---------------------------------------------------------------------------------------------
                                              9.612798   data required time
                                             -2.590622   data arrival time
---------------------------------------------------------------------------------------------
                                              7.022176   slack (MET)


Startpoint: rst (input port clocked by clk)
Endpoint: _32_ (rising edge-triggered flip-flop clocked by clk)
Path Group: clk
Path Type: max

Fanout         Cap        Slew       Delay        Time   Description
---------------------------------------------------------------------------------------------
                      0.150000    0.000000    0.000000   clock clk (rise edge)
                                  0.000000    0.000000   clock network delay (ideal)
                                  2.000000    2.000000 ^ input external delay
     4    0.018734    0.143547    0.095649    2.095649 ^ rst (in)
                                                         rst (net)
                      0.143547    0.000000    2.095649 ^ _17_/B (sky130_fd_sc_hd__nor2_2)
     1    0.001577    0.080304    0.074829    2.170479 v _17_/Y (sky130_fd_sc_hd__nor2_2)
                                                         _00_ (net)
                      0.080304    0.000000    2.170479 v _32_/D (sky130_fd_sc_hd__dfxtp_2)
                                              2.170479   data arrival time

                      0.150000   10.000000   10.000000   clock clk (rise edge)
                                  0.000000   10.000000   clock network delay (ideal)
                                 -0.250000    9.750000   clock uncertainty
                                  0.000000    9.750000   clock reconvergence pessimism
                                              9.750000 ^ _32_/CLK (sky130_fd_sc_hd__dfxtp_2)
                                 -0.256998    9.493002   library setup time
                                              9.493002   data required time
---------------------------------------------------------------------------------------------
                                              9.493002   data required time
                                             -2.170479   data arrival time
---------------------------------------------------------------------------------------------
                                              7.322524   slack (MET)



